###############################################################################
#
# IAR ELF Linker V8.50.6.265/W32 for ARM                  21/Dec/2020  19:32:04
# Copyright 2007-2020 IAR Systems AB.
#
#    Output file  =
#        C:\cygwin\home\dvanaria\Dropbox\darron\compsci\sandbox\embedded_programming\2013_embedded_systems_programming_dr_miro_samek\IAR_EWARM_projects\lesson_4\Debug\Exe\project.out
#    Map file     =
#        C:\cygwin\home\dvanaria\Dropbox\darron\compsci\sandbox\embedded_programming\2013_embedded_systems_programming_dr_miro_samek\IAR_EWARM_projects\lesson_4\Debug\List\project.map
#    Command line =
#        -f C:\Users\dvanaria\AppData\Local\Temp\EWB02D.tmp
#        (C:\cygwin\home\dvanaria\Dropbox\darron\compsci\sandbox\embedded_programming\2013_embedded_systems_programming_dr_miro_samek\IAR_EWARM_projects\lesson_4\Debug\Obj\main.o
#        --no_out_extension -o
#        C:\cygwin\home\dvanaria\Dropbox\darron\compsci\sandbox\embedded_programming\2013_embedded_systems_programming_dr_miro_samek\IAR_EWARM_projects\lesson_4\Debug\Exe\project.out
#        --redirect _Printf=_PrintfFullNoMb --redirect _Scanf=_ScanfFullNoMb
#        --map
#        C:\cygwin\home\dvanaria\Dropbox\darron\compsci\sandbox\embedded_programming\2013_embedded_systems_programming_dr_miro_samek\IAR_EWARM_projects\lesson_4\Debug\List\project.map
#        --config "C:\Program Files (x86)\IAR Systems\Embedded Workbench
#        8.4\arm\config\linker\TexasInstruments\LM4F120H5QR.icf" --semihosting
#        --entry __iar_program_start --vfe --text_out locale)
#
###############################################################################

*******************************************************************************
*** RUNTIME MODEL ATTRIBUTES
***

CppFlavor       = *
__SystemLibrary = DLib
__dlib_version  = 6


*******************************************************************************
*** HEAP SELECTION
***

The basic heap was selected because some modules are built with
size limitations (and not runtime checking), and --advanced_heap
was not specified.


*******************************************************************************
*** PLACEMENT SUMMARY
***

"A0":  place at address 0x0 { ro section .intvec };
"P1":  place in [from 0x0 to 0x3'ffff] { ro };
define block CSTACK with size = 2K, alignment = 8 { };
define block HEAP with size = 8K, alignment = 8 { };
"P2":  place in [from 0x2000'0000 to 0x2000'7fff] {
          rw, block CSTACK, block HEAP };
initialize by copy { rw };

  Section            Kind         Address   Size  Object
  -------            ----         -------   ----  ------
"A0":                                       0x40
  .intvec            ro code          0x0   0x40  vector_table_M.o [4]
                                   - 0x40   0x40

"P1":                                      0x148
  .text              ro code         0x40   0x54  main.o [1]
  .text              ro code         0x94   0x2e  copy_init3.o [4]
  .text              ro code         0xc2    0x2  vector_table_M.o [4]
  .text              ro code         0xc4   0x28  data_init.o [4]
  .text              ro code         0xec   0x22  fpinit_M.o [3]
  .iar.init_table    const          0x110   0x14  - Linker created -
  .text              ro code        0x124   0x1e  cmain.o [4]
  .text              ro code        0x142    0x4  low_level_init.o [2]
  .text              ro code        0x146    0x4  exit.o [2]
  .text              ro code        0x14c    0xa  cexit.o [4]
  .text              ro code        0x158   0x14  exit.o [5]
  Initializer bytes  const          0x16c   0x10  <for P2-1>
  .text              ro code        0x17c    0xc  cstartup_M.o [4]
  .rodata            const          0x188    0x0  copy_init3.o [4]
                                  - 0x188  0x148

"P2", part 1 of 2:                          0x10
  P2-1                        0x2000'0000   0x10  <Init block>
    .data            inited   0x2000'0000    0x4  main.o [1]
    .data            inited   0x2000'0004    0x4  main.o [1]
    .data            inited   0x2000'0008    0x4  main.o [1]
    .data            inited   0x2000'000c    0x4  main.o [1]
                            - 0x2000'0010   0x10

"P2", part 2 of 2:                         0x800
  CSTACK                      0x2000'0010  0x800  <Block>
    CSTACK           uninit   0x2000'0010  0x800  <Block tail>
                            - 0x2000'0810  0x800

Unused ranges:

         From           To      Size
         ----           --      ----
        0x188     0x3'ffff  0x3'fe78
  0x2000'0810  0x2000'7fff    0x77f0


*******************************************************************************
*** INIT TABLE
***

          Address      Size
          -------      ----
Copy (__iar_copy_init3)
    1 source range, total size 0x10:
                0x16c  0x10
    1 destination range, total size 0x10:
          0x2000'0000  0x10



*******************************************************************************
*** MODULE SUMMARY
***

    Module            ro code  ro data  rw data
    ------            -------  -------  -------
command line/config:
    -------------------------------------------
    Total:

C:\cygwin\home\dvanaria\Dropbox\darron\compsci\sandbox\embedded_programming\2013_embedded_systems_programming_dr_miro_samek\IAR_EWARM_projects\lesson_4\Debug\Obj: [1]
    main.o                 84       16       16
    -------------------------------------------
    Total:                 84       16       16

dl7M_tln.a: [2]
    exit.o                  4
    low_level_init.o        4
    -------------------------------------------
    Total:                  8

m7M_tls.a: [3]
    fpinit_M.o             34
    -------------------------------------------
    Total:                 34

rt7M_tl.a: [4]
    cexit.o                10
    cmain.o                30
    copy_init3.o           46
    cstartup_M.o           12
    data_init.o            40
    vector_table_M.o       66
    -------------------------------------------
    Total:                204

shb_l.a: [5]
    exit.o                 20
    -------------------------------------------
    Total:                 20

    Gaps                    4        2
    Linker created                  20    2'048
-----------------------------------------------
    Grand Total:          354       38    2'064


*******************************************************************************
*** ENTRY LIST
***

Entry                       Address  Size  Type      Object
-----                       -------  ----  ----      ------
.iar.init_table$$Base         0x110         --   Gb  - Linker created -
.iar.init_table$$Limit        0x124         --   Gb  - Linker created -
?main                         0x125        Code  Gb  cmain.o [4]
CSTACK$$Base            0x2000'0010         --   Gb  - Linker created -
CSTACK$$Limit           0x2000'0810         --   Gb  - Linker created -
Region$$Table$$Base           0x110         --   Gb  - Linker created -
Region$$Table$$Limit          0x124         --   Gb  - Linker created -
__cmain                       0x125        Code  Gb  cmain.o [4]
__exit                        0x159  0x14  Code  Gb  exit.o [5]
__iar_copy_init3               0x95  0x2e  Code  Gb  copy_init3.o [4]
__iar_data_init3               0xc5  0x28  Code  Gb  data_init.o [4]
__iar_init_vfp                 0xed        Code  Gb  fpinit_M.o [3]
__iar_program_start           0x17d        Code  Gb  cstartup_M.o [4]
__low_level_init              0x143   0x4  Code  Gb  low_level_init.o [2]
__vector_table                  0x0        Data  Gb  vector_table_M.o [4]
_call_main                    0x131        Code  Gb  cmain.o [4]
_exit                         0x14d        Code  Gb  cexit.o [4]
_main                         0x13f        Code  Gb  cmain.o [4]
exit                          0x147   0x4  Code  Gb  exit.o [2]
main                           0x41  0x54  Code  Gb  main.o [1]
p_LED_control           0x2000'000c   0x4  Data  Gb  main.o [1]
p_enable_block          0x2000'0000   0x4  Data  Gb  main.o [1]
p_set_to_digital        0x2000'0008   0x4  Data  Gb  main.o [1]
p_set_to_output         0x2000'0004   0x4  Data  Gb  main.o [1]


[1] = C:\cygwin\home\dvanaria\Dropbox\darron\compsci\sandbox\embedded_programming\2013_embedded_systems_programming_dr_miro_samek\IAR_EWARM_projects\lesson_4\Debug\Obj
[2] = dl7M_tln.a
[3] = m7M_tls.a
[4] = rt7M_tl.a
[5] = shb_l.a

    354 bytes of readonly  code memory
     38 bytes of readonly  data memory
  2'064 bytes of readwrite data memory

Errors: none
Warnings: none
